// Jest Snapshot v1, https://goo.gl/fbAQLP

exports[`The Loading page  It renders the loading page 1`] = `
<styled.div>
  <FontAwesomeIcon
    border={false}
    className=""
    fixedWidth={false}
    flip={null}
    icon="spinner"
    inverse={false}
    listItem={false}
    mask={null}
    pull={null}
    pulse={false}
    rotation={null}
    size="10x"
    spin={true}
    swapOpacity={false}
    symbol={false}
    title=""
    transform={null}
  />
</styled.div>
`;
