// Jest Snapshot v1, https://goo.gl/fbAQLP

exports[`The pasword entry screen It renders the password screen correctly 1`] = `
<styled.div>
  <styled.div>
    <styled.div>
      <styled.label
        htmlFor="password"
      >
        Password
      </styled.label>
      <styled.input
        id="password"
        onChange={[Function]}
        type="password"
        value="abc123"
      />
      <styled.button
        onClick={[Function]}
      >
        Check password
      </styled.button>
    </styled.div>
    <styled.div>
      <styled.p>
        Enter a password that you want to check. The password will not be recorded. Only the first 5 characters of the sha1 hash of your password will be sent to the API. Trusting people on the internet is a dangerous game, so it is problably not a good idea to a enter a real password you use.
      </styled.p>
    </styled.div>
  </styled.div>
</styled.div>
`;
