// Jest Snapshot v1, https://goo.gl/fbAQLP

exports[`The main app It renders the failure page correctly 1`] = `
<styled.div>
  <styled.h3>
    Something went wrong.  
  </styled.h3>
  <styled.h3>
    <FontAwesomeIcon
      border={false}
      className=""
      fixedWidth={false}
      flip={null}
      icon="frown"
      inverse={false}
      listItem={false}
      mask={null}
      pull={null}
      pulse={false}
      rotation={null}
      size="2x"
      spin={false}
      swapOpacity={false}
      symbol={false}
      title=""
      transform={null}
    />
      
  </styled.h3>
  <styled.button
    onClick={[Function]}
  >
    Try again?
  </styled.button>
</styled.div>
`;
